MPLINK 5.09, LINKER
Linker Map File - Created Wed Jun 08 01:34:31 2022

                                 Section Info
                  Section       Type    Address   Location Size(Bytes)
                ---------  ---------  ---------  ---------  ---------
                   .org_0       code   0x000000    program   0x000000
                   .org_1       code   0x000000    program   0x000002
                   .org_2       code   0x000004    program   0x0005a2
.config_2007_SNAKE_GAME.O       code   0x002007    program   0x000002



                              Program Memory Usage 
                               Start         End      
                           ---------   ---------      
                            0x000000    0x000000      
                            0x000004    0x0002d4      
                            0x002007    0x002007      
            723 out of 8455 program addresses used, program memory utilization is 8%



                              Symbols - Sorted by Name
                     Name    Address   Location    Storage File                     
                ---------  ---------  ---------  --------- ---------                
                    Apple   0x000274    program     static F:\Users\Franco\Desktop\snake_project\snake_game.X\snake_game.asm
                   Button   0x0000d3    program     static F:\Users\Franco\Desktop\snake_project\snake_game.X\snake_game.asm
                 Checkdir   0x000170    program     static F:\Users\Franco\Desktop\snake_project\snake_game.X\snake_game.asm
                     Col1   0x000112    program     static F:\Users\Franco\Desktop\snake_project\snake_game.X\snake_game.asm
                     Col2   0x000116    program     static F:\Users\Franco\Desktop\snake_project\snake_game.X\snake_game.asm
                     Col3   0x00011a    program     static F:\Users\Franco\Desktop\snake_project\snake_game.X\snake_game.asm
                     Col4   0x00011e    program     static F:\Users\Franco\Desktop\snake_project\snake_game.X\snake_game.asm
                     Col5   0x000122    program     static F:\Users\Franco\Desktop\snake_project\snake_game.X\snake_game.asm
                     Col6   0x000126    program     static F:\Users\Franco\Desktop\snake_project\snake_game.X\snake_game.asm
                     Col7   0x00012a    program     static F:\Users\Franco\Desktop\snake_project\snake_game.X\snake_game.asm
                     Col8   0x00012e    program     static F:\Users\Franco\Desktop\snake_project\snake_game.X\snake_game.asm
                   Decdot   0x0001ad    program     static F:\Users\Franco\Desktop\snake_project\snake_game.X\snake_game.asm
                  DirectD   0x00017d    program     static F:\Users\Franco\Desktop\snake_project\snake_game.X\snake_game.asm
                 DirectDa   0x000183    program     static F:\Users\Franco\Desktop\snake_project\snake_game.X\snake_game.asm
                  DirectL   0x000186    program     static F:\Users\Franco\Desktop\snake_project\snake_game.X\snake_game.asm
                  DirectR   0x00018c    program     static F:\Users\Franco\Desktop\snake_project\snake_game.X\snake_game.asm
                 DirectRa   0x000192    program     static F:\Users\Franco\Desktop\snake_project\snake_game.X\snake_game.asm
                  DirectU   0x000177    program     static F:\Users\Franco\Desktop\snake_project\snake_game.X\snake_game.asm
                     Disp   0x000088    program     static F:\Users\Franco\Desktop\snake_project\snake_game.X\snake_game.asm
                  GO_DOWN   0x0000e1    program     static F:\Users\Franco\Desktop\snake_project\snake_game.X\snake_game.asm
                  GO_LEFT   0x0000e6    program     static F:\Users\Franco\Desktop\snake_project\snake_game.X\snake_game.asm
                 GO_RIGHT   0x0000eb    program     static F:\Users\Franco\Desktop\snake_project\snake_game.X\snake_game.asm
                    GO_UP   0x0000dc    program     static F:\Users\Franco\Desktop\snake_project\snake_game.X\snake_game.asm
                     Ilum   0x00026a    program     static F:\Users\Franco\Desktop\snake_project\snake_game.X\snake_game.asm
                     Init   0x000005    program     static F:\Users\Franco\Desktop\snake_project\snake_game.X\snake_game.asm
                Interrupt   0x0000f0    program     static F:\Users\Franco\Desktop\snake_project\snake_game.X\snake_game.asm
                 LoadDisp   0x000195    program     static F:\Users\Franco\Desktop\snake_project\snake_game.X\snake_game.asm
                    PRTLD   0x0000b9    program     static F:\Users\Franco\Desktop\snake_project\snake_game.X\snake_game.asm
                    PlacA   0x00014d    program     static F:\Users\Franco\Desktop\snake_project\snake_game.X\snake_game.asm
                    PlacB   0x000152    program     static F:\Users\Franco\Desktop\snake_project\snake_game.X\snake_game.asm
                    PlacC   0x000157    program     static F:\Users\Franco\Desktop\snake_project\snake_game.X\snake_game.asm
                    PlacD   0x00015c    program     static F:\Users\Franco\Desktop\snake_project\snake_game.X\snake_game.asm
                    PlacE   0x000161    program     static F:\Users\Franco\Desktop\snake_project\snake_game.X\snake_game.asm
                    PlacF   0x000166    program     static F:\Users\Franco\Desktop\snake_project\snake_game.X\snake_game.asm
                    PlacG   0x00016b    program     static F:\Users\Franco\Desktop\snake_project\snake_game.X\snake_game.asm
                Placecont   0x000132    program     static F:\Users\Franco\Desktop\snake_project\snake_game.X\snake_game.asm
                   Random   0x00028a    program     static F:\Users\Franco\Desktop\snake_project\snake_game.X\snake_game.asm
                   Rantbl   0x000295    program     static F:\Users\Franco\Desktop\snake_project\snake_game.X\snake_game.asm
                    Start   0x000078    program     static F:\Users\Franco\Desktop\snake_project\snake_game.X\snake_game.asm
                 addapple   0x000285    program     static F:\Users\Franco\Desktop\snake_project\snake_game.X\snake_game.asm
                     apcl   0x0001ce    program     static F:\Users\Franco\Desktop\snake_project\snake_game.X\snake_game.asm
                   clrram   0x000024    program     static F:\Users\Franco\Desktop\snake_project\snake_game.X\snake_game.asm
                   colapp   0x0001ca    program     static F:\Users\Franco\Desktop\snake_project\snake_game.X\snake_game.asm
                   delay1   0x00005f    program     static F:\Users\Franco\Desktop\snake_project\snake_game.X\snake_game.asm
                    delum   0x0001d1    program     static F:\Users\Franco\Desktop\snake_project\snake_game.X\snake_game.asm
               dotdecloop   0x0001b0    program     static F:\Users\Franco\Desktop\snake_project\snake_game.X\snake_game.asm
                 gameover   0x00007e    program     static F:\Users\Franco\Desktop\snake_project\snake_game.X\snake_game.asm
                     here   0x000058    program     static F:\Users\Franco\Desktop\snake_project\snake_game.X\snake_game.asm
                 initloop   0x000064    program     static F:\Users\Franco\Desktop\snake_project\snake_game.X\snake_game.asm
                     loop   0x000071    program     static F:\Users\Franco\Desktop\snake_project\snake_game.X\snake_game.asm
                    loopy   0x000062    program     static F:\Users\Franco\Desktop\snake_project\snake_game.X\snake_game.asm
                   loopy2   0x000060    program     static F:\Users\Franco\Desktop\snake_project\snake_game.X\snake_game.asm
                  msdelay   0x00006f    program     static F:\Users\Franco\Desktop\snake_project\snake_game.X\snake_game.asm
                   notclr   0x000279    program     static F:\Users\Franco\Desktop\snake_project\snake_game.X\snake_game.asm
                   plcdot   0x00025a    program     static F:\Users\Franco\Desktop\snake_project\snake_game.X\snake_game.asm
                     skip   0x000104    program     static F:\Users\Franco\Desktop\snake_project\snake_game.X\snake_game.asm
                    table   0x0001da    program     static F:\Users\Franco\Desktop\snake_project\snake_game.X\snake_game.asm



                              Symbols - Sorted by Address
                     Name    Address   Location    Storage File                     
                ---------  ---------  ---------  --------- ---------                
                     Init   0x000005    program     static F:\Users\Franco\Desktop\snake_project\snake_game.X\snake_game.asm
                   clrram   0x000024    program     static F:\Users\Franco\Desktop\snake_project\snake_game.X\snake_game.asm
                     here   0x000058    program     static F:\Users\Franco\Desktop\snake_project\snake_game.X\snake_game.asm
                   delay1   0x00005f    program     static F:\Users\Franco\Desktop\snake_project\snake_game.X\snake_game.asm
                   loopy2   0x000060    program     static F:\Users\Franco\Desktop\snake_project\snake_game.X\snake_game.asm
                    loopy   0x000062    program     static F:\Users\Franco\Desktop\snake_project\snake_game.X\snake_game.asm
                 initloop   0x000064    program     static F:\Users\Franco\Desktop\snake_project\snake_game.X\snake_game.asm
                  msdelay   0x00006f    program     static F:\Users\Franco\Desktop\snake_project\snake_game.X\snake_game.asm
                     loop   0x000071    program     static F:\Users\Franco\Desktop\snake_project\snake_game.X\snake_game.asm
                    Start   0x000078    program     static F:\Users\Franco\Desktop\snake_project\snake_game.X\snake_game.asm
                 gameover   0x00007e    program     static F:\Users\Franco\Desktop\snake_project\snake_game.X\snake_game.asm
                     Disp   0x000088    program     static F:\Users\Franco\Desktop\snake_project\snake_game.X\snake_game.asm
                    PRTLD   0x0000b9    program     static F:\Users\Franco\Desktop\snake_project\snake_game.X\snake_game.asm
                   Button   0x0000d3    program     static F:\Users\Franco\Desktop\snake_project\snake_game.X\snake_game.asm
                    GO_UP   0x0000dc    program     static F:\Users\Franco\Desktop\snake_project\snake_game.X\snake_game.asm
                  GO_DOWN   0x0000e1    program     static F:\Users\Franco\Desktop\snake_project\snake_game.X\snake_game.asm
                  GO_LEFT   0x0000e6    program     static F:\Users\Franco\Desktop\snake_project\snake_game.X\snake_game.asm
                 GO_RIGHT   0x0000eb    program     static F:\Users\Franco\Desktop\snake_project\snake_game.X\snake_game.asm
                Interrupt   0x0000f0    program     static F:\Users\Franco\Desktop\snake_project\snake_game.X\snake_game.asm
                     skip   0x000104    program     static F:\Users\Franco\Desktop\snake_project\snake_game.X\snake_game.asm
                     Col1   0x000112    program     static F:\Users\Franco\Desktop\snake_project\snake_game.X\snake_game.asm
                     Col2   0x000116    program     static F:\Users\Franco\Desktop\snake_project\snake_game.X\snake_game.asm
                     Col3   0x00011a    program     static F:\Users\Franco\Desktop\snake_project\snake_game.X\snake_game.asm
                     Col4   0x00011e    program     static F:\Users\Franco\Desktop\snake_project\snake_game.X\snake_game.asm
                     Col5   0x000122    program     static F:\Users\Franco\Desktop\snake_project\snake_game.X\snake_game.asm
                     Col6   0x000126    program     static F:\Users\Franco\Desktop\snake_project\snake_game.X\snake_game.asm
                     Col7   0x00012a    program     static F:\Users\Franco\Desktop\snake_project\snake_game.X\snake_game.asm
                     Col8   0x00012e    program     static F:\Users\Franco\Desktop\snake_project\snake_game.X\snake_game.asm
                Placecont   0x000132    program     static F:\Users\Franco\Desktop\snake_project\snake_game.X\snake_game.asm
                    PlacA   0x00014d    program     static F:\Users\Franco\Desktop\snake_project\snake_game.X\snake_game.asm
                    PlacB   0x000152    program     static F:\Users\Franco\Desktop\snake_project\snake_game.X\snake_game.asm
                    PlacC   0x000157    program     static F:\Users\Franco\Desktop\snake_project\snake_game.X\snake_game.asm
                    PlacD   0x00015c    program     static F:\Users\Franco\Desktop\snake_project\snake_game.X\snake_game.asm
                    PlacE   0x000161    program     static F:\Users\Franco\Desktop\snake_project\snake_game.X\snake_game.asm
                    PlacF   0x000166    program     static F:\Users\Franco\Desktop\snake_project\snake_game.X\snake_game.asm
                    PlacG   0x00016b    program     static F:\Users\Franco\Desktop\snake_project\snake_game.X\snake_game.asm
                 Checkdir   0x000170    program     static F:\Users\Franco\Desktop\snake_project\snake_game.X\snake_game.asm
                  DirectU   0x000177    program     static F:\Users\Franco\Desktop\snake_project\snake_game.X\snake_game.asm
                  DirectD   0x00017d    program     static F:\Users\Franco\Desktop\snake_project\snake_game.X\snake_game.asm
                 DirectDa   0x000183    program     static F:\Users\Franco\Desktop\snake_project\snake_game.X\snake_game.asm
                  DirectL   0x000186    program     static F:\Users\Franco\Desktop\snake_project\snake_game.X\snake_game.asm
                  DirectR   0x00018c    program     static F:\Users\Franco\Desktop\snake_project\snake_game.X\snake_game.asm
                 DirectRa   0x000192    program     static F:\Users\Franco\Desktop\snake_project\snake_game.X\snake_game.asm
                 LoadDisp   0x000195    program     static F:\Users\Franco\Desktop\snake_project\snake_game.X\snake_game.asm
                   Decdot   0x0001ad    program     static F:\Users\Franco\Desktop\snake_project\snake_game.X\snake_game.asm
               dotdecloop   0x0001b0    program     static F:\Users\Franco\Desktop\snake_project\snake_game.X\snake_game.asm
                   colapp   0x0001ca    program     static F:\Users\Franco\Desktop\snake_project\snake_game.X\snake_game.asm
                     apcl   0x0001ce    program     static F:\Users\Franco\Desktop\snake_project\snake_game.X\snake_game.asm
                    delum   0x0001d1    program     static F:\Users\Franco\Desktop\snake_project\snake_game.X\snake_game.asm
                    table   0x0001da    program     static F:\Users\Franco\Desktop\snake_project\snake_game.X\snake_game.asm
                   plcdot   0x00025a    program     static F:\Users\Franco\Desktop\snake_project\snake_game.X\snake_game.asm
                     Ilum   0x00026a    program     static F:\Users\Franco\Desktop\snake_project\snake_game.X\snake_game.asm
                    Apple   0x000274    program     static F:\Users\Franco\Desktop\snake_project\snake_game.X\snake_game.asm
                   notclr   0x000279    program     static F:\Users\Franco\Desktop\snake_project\snake_game.X\snake_game.asm
                 addapple   0x000285    program     static F:\Users\Franco\Desktop\snake_project\snake_game.X\snake_game.asm
                   Random   0x00028a    program     static F:\Users\Franco\Desktop\snake_project\snake_game.X\snake_game.asm
                   Rantbl   0x000295    program     static F:\Users\Franco\Desktop\snake_project\snake_game.X\snake_game.asm


