MPLINK 5.09, LINKER
Linker Map File - Created Sat Jun 11 13:09:59 2022

                                 Section Info
                  Section       Type    Address   Location Size(Bytes)
                ---------  ---------  ---------  ---------  ---------
                   .org_0       code   0x000000    program   0x000000
                   .org_1       code   0x000000    program   0x000002
                   .org_2       code   0x000004    program   0x0005de
.config_2007_SNAKE_GAME.O       code   0x002007    program   0x000002
.config_2008_SNAKE_GAME.O       code   0x002008    program   0x000002



                              Program Memory Usage 
                               Start         End      
                           ---------   ---------      
                            0x000000    0x000000      
                            0x000004    0x0002f2      
                            0x002007    0x002008      
            754 out of 8455 program addresses used, program memory utilization is 8%



                              Symbols - Sorted by Name
                     Name    Address   Location    Storage File                     
                ---------  ---------  ---------  --------- ---------                
                 Checkdir   0x000186    program     static F:\Users\Franco\Desktop\snake_project\snake_game.X\snake_game.asm
                     Col2   0x00012c    program     static F:\Users\Franco\Desktop\snake_project\snake_game.X\snake_game.asm
                     Col3   0x000130    program     static F:\Users\Franco\Desktop\snake_project\snake_game.X\snake_game.asm
                     Col4   0x000134    program     static F:\Users\Franco\Desktop\snake_project\snake_game.X\snake_game.asm
                     Col5   0x000138    program     static F:\Users\Franco\Desktop\snake_project\snake_game.X\snake_game.asm
                     Col6   0x00013c    program     static F:\Users\Franco\Desktop\snake_project\snake_game.X\snake_game.asm
                     Col7   0x000140    program     static F:\Users\Franco\Desktop\snake_project\snake_game.X\snake_game.asm
                     Col8   0x000144    program     static F:\Users\Franco\Desktop\snake_project\snake_game.X\snake_game.asm
                   Decdot   0x0001cb    program     static F:\Users\Franco\Desktop\snake_project\snake_game.X\snake_game.asm
                  DirectD   0x000193    program     static F:\Users\Franco\Desktop\snake_project\snake_game.X\snake_game.asm
                 DirectDa   0x000199    program     static F:\Users\Franco\Desktop\snake_project\snake_game.X\snake_game.asm
                  DirectL   0x00019c    program     static F:\Users\Franco\Desktop\snake_project\snake_game.X\snake_game.asm
                  DirectR   0x0001a2    program     static F:\Users\Franco\Desktop\snake_project\snake_game.X\snake_game.asm
                 DirectRa   0x0001a8    program     static F:\Users\Franco\Desktop\snake_project\snake_game.X\snake_game.asm
                  DirectU   0x00018d    program     static F:\Users\Franco\Desktop\snake_project\snake_game.X\snake_game.asm
                     Disp   0x00009d    program     static F:\Users\Franco\Desktop\snake_project\snake_game.X\snake_game.asm
                  END_ISR   0x0001c4    program     static F:\Users\Franco\Desktop\snake_project\snake_game.X\snake_game.asm
                  GO_DOWN   0x0000f8    program     static F:\Users\Franco\Desktop\snake_project\snake_game.X\snake_game.asm
                  GO_LEFT   0x0000fd    program     static F:\Users\Franco\Desktop\snake_project\snake_game.X\snake_game.asm
                 GO_RIGHT   0x000102    program     static F:\Users\Franco\Desktop\snake_project\snake_game.X\snake_game.asm
                    GO_UP   0x0000f3    program     static F:\Users\Franco\Desktop\snake_project\snake_game.X\snake_game.asm
                      ISR   0x0000e0    program     static F:\Users\Franco\Desktop\snake_project\snake_game.X\snake_game.asm
                     Ilum   0x000288    program     static F:\Users\Franco\Desktop\snake_project\snake_game.X\snake_game.asm
                     Init   0x000005    program     static F:\Users\Franco\Desktop\snake_project\snake_game.X\snake_game.asm
                 LoadDisp   0x0001ab    program     static F:\Users\Franco\Desktop\snake_project\snake_game.X\snake_game.asm
                    PRTLD   0x0000c6    program     static F:\Users\Franco\Desktop\snake_project\snake_game.X\snake_game.asm
                    PlacA   0x000163    program     static F:\Users\Franco\Desktop\snake_project\snake_game.X\snake_game.asm
                    PlacB   0x000168    program     static F:\Users\Franco\Desktop\snake_project\snake_game.X\snake_game.asm
                    PlacC   0x00016d    program     static F:\Users\Franco\Desktop\snake_project\snake_game.X\snake_game.asm
                    PlacD   0x000172    program     static F:\Users\Franco\Desktop\snake_project\snake_game.X\snake_game.asm
                    PlacE   0x000177    program     static F:\Users\Franco\Desktop\snake_project\snake_game.X\snake_game.asm
                    PlacF   0x00017c    program     static F:\Users\Franco\Desktop\snake_project\snake_game.X\snake_game.asm
                    PlacG   0x000181    program     static F:\Users\Franco\Desktop\snake_project\snake_game.X\snake_game.asm
                Placecont   0x000148    program     static F:\Users\Franco\Desktop\snake_project\snake_game.X\snake_game.asm
                   RB_INT   0x0000ea    program     static F:\Users\Franco\Desktop\snake_project\snake_game.X\snake_game.asm
                   RX_INT   0x000107    program     static F:\Users\Franco\Desktop\snake_project\snake_game.X\snake_game.asm
                   Random   0x0002a8    program     static F:\Users\Franco\Desktop\snake_project\snake_game.X\snake_game.asm
                   Rantbl   0x0002b3    program     static F:\Users\Franco\Desktop\snake_project\snake_game.X\snake_game.asm
                      Rat   0x000292    program     static F:\Users\Franco\Desktop\snake_project\snake_game.X\snake_game.asm
                  SAVE_CX   0x0001bd    program     static F:\Users\Franco\Desktop\snake_project\snake_game.X\snake_game.asm
                    Start   0x00008d    program     static F:\Users\Franco\Desktop\snake_project\snake_game.X\snake_game.asm
                 TMR1_INT   0x00010c    program     static F:\Users\Franco\Desktop\snake_project\snake_game.X\snake_game.asm
                   addrat   0x0002a3    program     static F:\Users\Franco\Desktop\snake_project\snake_game.X\snake_game.asm
                   clrram   0x000024    program     static F:\Users\Franco\Desktop\snake_project\snake_game.X\snake_game.asm
                   colrat   0x0001e8    program     static F:\Users\Franco\Desktop\snake_project\snake_game.X\snake_game.asm
                   delay1   0x000074    program     static F:\Users\Franco\Desktop\snake_project\snake_game.X\snake_game.asm
                    delum   0x0001ef    program     static F:\Users\Franco\Desktop\snake_project\snake_game.X\snake_game.asm
               dotdecloop   0x0001ce    program     static F:\Users\Franco\Desktop\snake_project\snake_game.X\snake_game.asm
                 gameover   0x000093    program     static F:\Users\Franco\Desktop\snake_project\snake_game.X\snake_game.asm
                     here   0x00006e    program     static F:\Users\Franco\Desktop\snake_project\snake_game.X\snake_game.asm
                 initloop   0x000079    program     static F:\Users\Franco\Desktop\snake_project\snake_game.X\snake_game.asm
                     loop   0x000086    program     static F:\Users\Franco\Desktop\snake_project\snake_game.X\snake_game.asm
                    loopy   0x000077    program     static F:\Users\Franco\Desktop\snake_project\snake_game.X\snake_game.asm
                   loopy2   0x000075    program     static F:\Users\Franco\Desktop\snake_project\snake_game.X\snake_game.asm
                  msdelay   0x000084    program     static F:\Users\Franco\Desktop\snake_project\snake_game.X\snake_game.asm
                   notclr   0x000297    program     static F:\Users\Franco\Desktop\snake_project\snake_game.X\snake_game.asm
                   plcdot   0x000278    program     static F:\Users\Franco\Desktop\snake_project\snake_game.X\snake_game.asm
                    ratcl   0x0001ec    program     static F:\Users\Franco\Desktop\snake_project\snake_game.X\snake_game.asm
                     skip   0x00011a    program     static F:\Users\Franco\Desktop\snake_project\snake_game.X\snake_game.asm
                    table   0x0001f8    program     static F:\Users\Franco\Desktop\snake_project\snake_game.X\snake_game.asm



                              Symbols - Sorted by Address
                     Name    Address   Location    Storage File                     
                ---------  ---------  ---------  --------- ---------                
                     Init   0x000005    program     static F:\Users\Franco\Desktop\snake_project\snake_game.X\snake_game.asm
                   clrram   0x000024    program     static F:\Users\Franco\Desktop\snake_project\snake_game.X\snake_game.asm
                     here   0x00006e    program     static F:\Users\Franco\Desktop\snake_project\snake_game.X\snake_game.asm
                   delay1   0x000074    program     static F:\Users\Franco\Desktop\snake_project\snake_game.X\snake_game.asm
                   loopy2   0x000075    program     static F:\Users\Franco\Desktop\snake_project\snake_game.X\snake_game.asm
                    loopy   0x000077    program     static F:\Users\Franco\Desktop\snake_project\snake_game.X\snake_game.asm
                 initloop   0x000079    program     static F:\Users\Franco\Desktop\snake_project\snake_game.X\snake_game.asm
                  msdelay   0x000084    program     static F:\Users\Franco\Desktop\snake_project\snake_game.X\snake_game.asm
                     loop   0x000086    program     static F:\Users\Franco\Desktop\snake_project\snake_game.X\snake_game.asm
                    Start   0x00008d    program     static F:\Users\Franco\Desktop\snake_project\snake_game.X\snake_game.asm
                 gameover   0x000093    program     static F:\Users\Franco\Desktop\snake_project\snake_game.X\snake_game.asm
                     Disp   0x00009d    program     static F:\Users\Franco\Desktop\snake_project\snake_game.X\snake_game.asm
                    PRTLD   0x0000c6    program     static F:\Users\Franco\Desktop\snake_project\snake_game.X\snake_game.asm
                      ISR   0x0000e0    program     static F:\Users\Franco\Desktop\snake_project\snake_game.X\snake_game.asm
                   RB_INT   0x0000ea    program     static F:\Users\Franco\Desktop\snake_project\snake_game.X\snake_game.asm
                    GO_UP   0x0000f3    program     static F:\Users\Franco\Desktop\snake_project\snake_game.X\snake_game.asm
                  GO_DOWN   0x0000f8    program     static F:\Users\Franco\Desktop\snake_project\snake_game.X\snake_game.asm
                  GO_LEFT   0x0000fd    program     static F:\Users\Franco\Desktop\snake_project\snake_game.X\snake_game.asm
                 GO_RIGHT   0x000102    program     static F:\Users\Franco\Desktop\snake_project\snake_game.X\snake_game.asm
                   RX_INT   0x000107    program     static F:\Users\Franco\Desktop\snake_project\snake_game.X\snake_game.asm
                 TMR1_INT   0x00010c    program     static F:\Users\Franco\Desktop\snake_project\snake_game.X\snake_game.asm
                     skip   0x00011a    program     static F:\Users\Franco\Desktop\snake_project\snake_game.X\snake_game.asm
                     Col2   0x00012c    program     static F:\Users\Franco\Desktop\snake_project\snake_game.X\snake_game.asm
                     Col3   0x000130    program     static F:\Users\Franco\Desktop\snake_project\snake_game.X\snake_game.asm
                     Col4   0x000134    program     static F:\Users\Franco\Desktop\snake_project\snake_game.X\snake_game.asm
                     Col5   0x000138    program     static F:\Users\Franco\Desktop\snake_project\snake_game.X\snake_game.asm
                     Col6   0x00013c    program     static F:\Users\Franco\Desktop\snake_project\snake_game.X\snake_game.asm
                     Col7   0x000140    program     static F:\Users\Franco\Desktop\snake_project\snake_game.X\snake_game.asm
                     Col8   0x000144    program     static F:\Users\Franco\Desktop\snake_project\snake_game.X\snake_game.asm
                Placecont   0x000148    program     static F:\Users\Franco\Desktop\snake_project\snake_game.X\snake_game.asm
                    PlacA   0x000163    program     static F:\Users\Franco\Desktop\snake_project\snake_game.X\snake_game.asm
                    PlacB   0x000168    program     static F:\Users\Franco\Desktop\snake_project\snake_game.X\snake_game.asm
                    PlacC   0x00016d    program     static F:\Users\Franco\Desktop\snake_project\snake_game.X\snake_game.asm
                    PlacD   0x000172    program     static F:\Users\Franco\Desktop\snake_project\snake_game.X\snake_game.asm
                    PlacE   0x000177    program     static F:\Users\Franco\Desktop\snake_project\snake_game.X\snake_game.asm
                    PlacF   0x00017c    program     static F:\Users\Franco\Desktop\snake_project\snake_game.X\snake_game.asm
                    PlacG   0x000181    program     static F:\Users\Franco\Desktop\snake_project\snake_game.X\snake_game.asm
                 Checkdir   0x000186    program     static F:\Users\Franco\Desktop\snake_project\snake_game.X\snake_game.asm
                  DirectU   0x00018d    program     static F:\Users\Franco\Desktop\snake_project\snake_game.X\snake_game.asm
                  DirectD   0x000193    program     static F:\Users\Franco\Desktop\snake_project\snake_game.X\snake_game.asm
                 DirectDa   0x000199    program     static F:\Users\Franco\Desktop\snake_project\snake_game.X\snake_game.asm
                  DirectL   0x00019c    program     static F:\Users\Franco\Desktop\snake_project\snake_game.X\snake_game.asm
                  DirectR   0x0001a2    program     static F:\Users\Franco\Desktop\snake_project\snake_game.X\snake_game.asm
                 DirectRa   0x0001a8    program     static F:\Users\Franco\Desktop\snake_project\snake_game.X\snake_game.asm
                 LoadDisp   0x0001ab    program     static F:\Users\Franco\Desktop\snake_project\snake_game.X\snake_game.asm
                  SAVE_CX   0x0001bd    program     static F:\Users\Franco\Desktop\snake_project\snake_game.X\snake_game.asm
                  END_ISR   0x0001c4    program     static F:\Users\Franco\Desktop\snake_project\snake_game.X\snake_game.asm
                   Decdot   0x0001cb    program     static F:\Users\Franco\Desktop\snake_project\snake_game.X\snake_game.asm
               dotdecloop   0x0001ce    program     static F:\Users\Franco\Desktop\snake_project\snake_game.X\snake_game.asm
                   colrat   0x0001e8    program     static F:\Users\Franco\Desktop\snake_project\snake_game.X\snake_game.asm
                    ratcl   0x0001ec    program     static F:\Users\Franco\Desktop\snake_project\snake_game.X\snake_game.asm
                    delum   0x0001ef    program     static F:\Users\Franco\Desktop\snake_project\snake_game.X\snake_game.asm
                    table   0x0001f8    program     static F:\Users\Franco\Desktop\snake_project\snake_game.X\snake_game.asm
                   plcdot   0x000278    program     static F:\Users\Franco\Desktop\snake_project\snake_game.X\snake_game.asm
                     Ilum   0x000288    program     static F:\Users\Franco\Desktop\snake_project\snake_game.X\snake_game.asm
                      Rat   0x000292    program     static F:\Users\Franco\Desktop\snake_project\snake_game.X\snake_game.asm
                   notclr   0x000297    program     static F:\Users\Franco\Desktop\snake_project\snake_game.X\snake_game.asm
                   addrat   0x0002a3    program     static F:\Users\Franco\Desktop\snake_project\snake_game.X\snake_game.asm
                   Random   0x0002a8    program     static F:\Users\Franco\Desktop\snake_project\snake_game.X\snake_game.asm
                   Rantbl   0x0002b3    program     static F:\Users\Franco\Desktop\snake_project\snake_game.X\snake_game.asm


