MPLINK 5.09, LINKER
Linker Map File - Created Wed Jun 08 01:03:52 2022

                                 Section Info
                  Section       Type    Address   Location Size(Bytes)
                ---------  ---------  ---------  ---------  ---------
                   .org_0       code   0x000000    program   0x000000
                   .org_1       code   0x000000    program   0x000002
                   .org_2       code   0x000004    program   0x00059c
.config_2007_SNAKE_GAME.O       code   0x002007    program   0x000002



                              Program Memory Usage 
                               Start         End      
                           ---------   ---------      
                            0x000000    0x000000      
                            0x000004    0x0002d1      
                            0x002007    0x002007      
            720 out of 8455 program addresses used, program memory utilization is 8%



                              Symbols - Sorted by Name
                     Name    Address   Location    Storage File                     
                ---------  ---------  ---------  --------- ---------                
                    Apple   0x000271    program     static F:\Users\Franco\Desktop\snake_project\snake_game.X\snake_game.asm
                   Button   0x0000d0    program     static F:\Users\Franco\Desktop\snake_project\snake_game.X\snake_game.asm
                 Checkdir   0x00016d    program     static F:\Users\Franco\Desktop\snake_project\snake_game.X\snake_game.asm
                     Col1   0x00010f    program     static F:\Users\Franco\Desktop\snake_project\snake_game.X\snake_game.asm
                     Col2   0x000113    program     static F:\Users\Franco\Desktop\snake_project\snake_game.X\snake_game.asm
                     Col3   0x000117    program     static F:\Users\Franco\Desktop\snake_project\snake_game.X\snake_game.asm
                     Col4   0x00011b    program     static F:\Users\Franco\Desktop\snake_project\snake_game.X\snake_game.asm
                     Col5   0x00011f    program     static F:\Users\Franco\Desktop\snake_project\snake_game.X\snake_game.asm
                     Col6   0x000123    program     static F:\Users\Franco\Desktop\snake_project\snake_game.X\snake_game.asm
                     Col7   0x000127    program     static F:\Users\Franco\Desktop\snake_project\snake_game.X\snake_game.asm
                     Col8   0x00012b    program     static F:\Users\Franco\Desktop\snake_project\snake_game.X\snake_game.asm
                   Decdot   0x0001aa    program     static F:\Users\Franco\Desktop\snake_project\snake_game.X\snake_game.asm
                  DirectD   0x00017a    program     static F:\Users\Franco\Desktop\snake_project\snake_game.X\snake_game.asm
                 DirectDa   0x000180    program     static F:\Users\Franco\Desktop\snake_project\snake_game.X\snake_game.asm
                  DirectL   0x000183    program     static F:\Users\Franco\Desktop\snake_project\snake_game.X\snake_game.asm
                  DirectR   0x000189    program     static F:\Users\Franco\Desktop\snake_project\snake_game.X\snake_game.asm
                 DirectRa   0x00018f    program     static F:\Users\Franco\Desktop\snake_project\snake_game.X\snake_game.asm
                  DirectU   0x000174    program     static F:\Users\Franco\Desktop\snake_project\snake_game.X\snake_game.asm
                     Disp   0x000085    program     static F:\Users\Franco\Desktop\snake_project\snake_game.X\snake_game.asm
                  GO_DOWN   0x0000de    program     static F:\Users\Franco\Desktop\snake_project\snake_game.X\snake_game.asm
                  GO_LEFT   0x0000e3    program     static F:\Users\Franco\Desktop\snake_project\snake_game.X\snake_game.asm
                 GO_RIGHT   0x0000e8    program     static F:\Users\Franco\Desktop\snake_project\snake_game.X\snake_game.asm
                    GO_UP   0x0000d9    program     static F:\Users\Franco\Desktop\snake_project\snake_game.X\snake_game.asm
                     Ilum   0x000267    program     static F:\Users\Franco\Desktop\snake_project\snake_game.X\snake_game.asm
                     Init   0x000005    program     static F:\Users\Franco\Desktop\snake_project\snake_game.X\snake_game.asm
                Interrupt   0x0000ed    program     static F:\Users\Franco\Desktop\snake_project\snake_game.X\snake_game.asm
                 LoadDisp   0x000192    program     static F:\Users\Franco\Desktop\snake_project\snake_game.X\snake_game.asm
                    PRTLD   0x0000b6    program     static F:\Users\Franco\Desktop\snake_project\snake_game.X\snake_game.asm
                    PlacA   0x00014a    program     static F:\Users\Franco\Desktop\snake_project\snake_game.X\snake_game.asm
                    PlacB   0x00014f    program     static F:\Users\Franco\Desktop\snake_project\snake_game.X\snake_game.asm
                    PlacC   0x000154    program     static F:\Users\Franco\Desktop\snake_project\snake_game.X\snake_game.asm
                    PlacD   0x000159    program     static F:\Users\Franco\Desktop\snake_project\snake_game.X\snake_game.asm
                    PlacE   0x00015e    program     static F:\Users\Franco\Desktop\snake_project\snake_game.X\snake_game.asm
                    PlacF   0x000163    program     static F:\Users\Franco\Desktop\snake_project\snake_game.X\snake_game.asm
                    PlacG   0x000168    program     static F:\Users\Franco\Desktop\snake_project\snake_game.X\snake_game.asm
                Placecont   0x00012f    program     static F:\Users\Franco\Desktop\snake_project\snake_game.X\snake_game.asm
                   Random   0x000287    program     static F:\Users\Franco\Desktop\snake_project\snake_game.X\snake_game.asm
                   Rantbl   0x000292    program     static F:\Users\Franco\Desktop\snake_project\snake_game.X\snake_game.asm
                    Start   0x000075    program     static F:\Users\Franco\Desktop\snake_project\snake_game.X\snake_game.asm
                 addapple   0x000282    program     static F:\Users\Franco\Desktop\snake_project\snake_game.X\snake_game.asm
                     apcl   0x0001cb    program     static F:\Users\Franco\Desktop\snake_project\snake_game.X\snake_game.asm
                   clrram   0x000021    program     static F:\Users\Franco\Desktop\snake_project\snake_game.X\snake_game.asm
                   colapp   0x0001c7    program     static F:\Users\Franco\Desktop\snake_project\snake_game.X\snake_game.asm
                   delay1   0x00005c    program     static F:\Users\Franco\Desktop\snake_project\snake_game.X\snake_game.asm
                    delum   0x0001ce    program     static F:\Users\Franco\Desktop\snake_project\snake_game.X\snake_game.asm
               dotdecloop   0x0001ad    program     static F:\Users\Franco\Desktop\snake_project\snake_game.X\snake_game.asm
                 gameover   0x00007b    program     static F:\Users\Franco\Desktop\snake_project\snake_game.X\snake_game.asm
                     here   0x000055    program     static F:\Users\Franco\Desktop\snake_project\snake_game.X\snake_game.asm
                 initloop   0x000061    program     static F:\Users\Franco\Desktop\snake_project\snake_game.X\snake_game.asm
                     loop   0x00006e    program     static F:\Users\Franco\Desktop\snake_project\snake_game.X\snake_game.asm
                    loopy   0x00005f    program     static F:\Users\Franco\Desktop\snake_project\snake_game.X\snake_game.asm
                   loopy2   0x00005d    program     static F:\Users\Franco\Desktop\snake_project\snake_game.X\snake_game.asm
                  msdelay   0x00006c    program     static F:\Users\Franco\Desktop\snake_project\snake_game.X\snake_game.asm
                   notclr   0x000276    program     static F:\Users\Franco\Desktop\snake_project\snake_game.X\snake_game.asm
                   plcdot   0x000257    program     static F:\Users\Franco\Desktop\snake_project\snake_game.X\snake_game.asm
                     skip   0x000101    program     static F:\Users\Franco\Desktop\snake_project\snake_game.X\snake_game.asm
                    table   0x0001d7    program     static F:\Users\Franco\Desktop\snake_project\snake_game.X\snake_game.asm



                              Symbols - Sorted by Address
                     Name    Address   Location    Storage File                     
                ---------  ---------  ---------  --------- ---------                
                     Init   0x000005    program     static F:\Users\Franco\Desktop\snake_project\snake_game.X\snake_game.asm
                   clrram   0x000021    program     static F:\Users\Franco\Desktop\snake_project\snake_game.X\snake_game.asm
                     here   0x000055    program     static F:\Users\Franco\Desktop\snake_project\snake_game.X\snake_game.asm
                   delay1   0x00005c    program     static F:\Users\Franco\Desktop\snake_project\snake_game.X\snake_game.asm
                   loopy2   0x00005d    program     static F:\Users\Franco\Desktop\snake_project\snake_game.X\snake_game.asm
                    loopy   0x00005f    program     static F:\Users\Franco\Desktop\snake_project\snake_game.X\snake_game.asm
                 initloop   0x000061    program     static F:\Users\Franco\Desktop\snake_project\snake_game.X\snake_game.asm
                  msdelay   0x00006c    program     static F:\Users\Franco\Desktop\snake_project\snake_game.X\snake_game.asm
                     loop   0x00006e    program     static F:\Users\Franco\Desktop\snake_project\snake_game.X\snake_game.asm
                    Start   0x000075    program     static F:\Users\Franco\Desktop\snake_project\snake_game.X\snake_game.asm
                 gameover   0x00007b    program     static F:\Users\Franco\Desktop\snake_project\snake_game.X\snake_game.asm
                     Disp   0x000085    program     static F:\Users\Franco\Desktop\snake_project\snake_game.X\snake_game.asm
                    PRTLD   0x0000b6    program     static F:\Users\Franco\Desktop\snake_project\snake_game.X\snake_game.asm
                   Button   0x0000d0    program     static F:\Users\Franco\Desktop\snake_project\snake_game.X\snake_game.asm
                    GO_UP   0x0000d9    program     static F:\Users\Franco\Desktop\snake_project\snake_game.X\snake_game.asm
                  GO_DOWN   0x0000de    program     static F:\Users\Franco\Desktop\snake_project\snake_game.X\snake_game.asm
                  GO_LEFT   0x0000e3    program     static F:\Users\Franco\Desktop\snake_project\snake_game.X\snake_game.asm
                 GO_RIGHT   0x0000e8    program     static F:\Users\Franco\Desktop\snake_project\snake_game.X\snake_game.asm
                Interrupt   0x0000ed    program     static F:\Users\Franco\Desktop\snake_project\snake_game.X\snake_game.asm
                     skip   0x000101    program     static F:\Users\Franco\Desktop\snake_project\snake_game.X\snake_game.asm
                     Col1   0x00010f    program     static F:\Users\Franco\Desktop\snake_project\snake_game.X\snake_game.asm
                     Col2   0x000113    program     static F:\Users\Franco\Desktop\snake_project\snake_game.X\snake_game.asm
                     Col3   0x000117    program     static F:\Users\Franco\Desktop\snake_project\snake_game.X\snake_game.asm
                     Col4   0x00011b    program     static F:\Users\Franco\Desktop\snake_project\snake_game.X\snake_game.asm
                     Col5   0x00011f    program     static F:\Users\Franco\Desktop\snake_project\snake_game.X\snake_game.asm
                     Col6   0x000123    program     static F:\Users\Franco\Desktop\snake_project\snake_game.X\snake_game.asm
                     Col7   0x000127    program     static F:\Users\Franco\Desktop\snake_project\snake_game.X\snake_game.asm
                     Col8   0x00012b    program     static F:\Users\Franco\Desktop\snake_project\snake_game.X\snake_game.asm
                Placecont   0x00012f    program     static F:\Users\Franco\Desktop\snake_project\snake_game.X\snake_game.asm
                    PlacA   0x00014a    program     static F:\Users\Franco\Desktop\snake_project\snake_game.X\snake_game.asm
                    PlacB   0x00014f    program     static F:\Users\Franco\Desktop\snake_project\snake_game.X\snake_game.asm
                    PlacC   0x000154    program     static F:\Users\Franco\Desktop\snake_project\snake_game.X\snake_game.asm
                    PlacD   0x000159    program     static F:\Users\Franco\Desktop\snake_project\snake_game.X\snake_game.asm
                    PlacE   0x00015e    program     static F:\Users\Franco\Desktop\snake_project\snake_game.X\snake_game.asm
                    PlacF   0x000163    program     static F:\Users\Franco\Desktop\snake_project\snake_game.X\snake_game.asm
                    PlacG   0x000168    program     static F:\Users\Franco\Desktop\snake_project\snake_game.X\snake_game.asm
                 Checkdir   0x00016d    program     static F:\Users\Franco\Desktop\snake_project\snake_game.X\snake_game.asm
                  DirectU   0x000174    program     static F:\Users\Franco\Desktop\snake_project\snake_game.X\snake_game.asm
                  DirectD   0x00017a    program     static F:\Users\Franco\Desktop\snake_project\snake_game.X\snake_game.asm
                 DirectDa   0x000180    program     static F:\Users\Franco\Desktop\snake_project\snake_game.X\snake_game.asm
                  DirectL   0x000183    program     static F:\Users\Franco\Desktop\snake_project\snake_game.X\snake_game.asm
                  DirectR   0x000189    program     static F:\Users\Franco\Desktop\snake_project\snake_game.X\snake_game.asm
                 DirectRa   0x00018f    program     static F:\Users\Franco\Desktop\snake_project\snake_game.X\snake_game.asm
                 LoadDisp   0x000192    program     static F:\Users\Franco\Desktop\snake_project\snake_game.X\snake_game.asm
                   Decdot   0x0001aa    program     static F:\Users\Franco\Desktop\snake_project\snake_game.X\snake_game.asm
               dotdecloop   0x0001ad    program     static F:\Users\Franco\Desktop\snake_project\snake_game.X\snake_game.asm
                   colapp   0x0001c7    program     static F:\Users\Franco\Desktop\snake_project\snake_game.X\snake_game.asm
                     apcl   0x0001cb    program     static F:\Users\Franco\Desktop\snake_project\snake_game.X\snake_game.asm
                    delum   0x0001ce    program     static F:\Users\Franco\Desktop\snake_project\snake_game.X\snake_game.asm
                    table   0x0001d7    program     static F:\Users\Franco\Desktop\snake_project\snake_game.X\snake_game.asm
                   plcdot   0x000257    program     static F:\Users\Franco\Desktop\snake_project\snake_game.X\snake_game.asm
                     Ilum   0x000267    program     static F:\Users\Franco\Desktop\snake_project\snake_game.X\snake_game.asm
                    Apple   0x000271    program     static F:\Users\Franco\Desktop\snake_project\snake_game.X\snake_game.asm
                   notclr   0x000276    program     static F:\Users\Franco\Desktop\snake_project\snake_game.X\snake_game.asm
                 addapple   0x000282    program     static F:\Users\Franco\Desktop\snake_project\snake_game.X\snake_game.asm
                   Random   0x000287    program     static F:\Users\Franco\Desktop\snake_project\snake_game.X\snake_game.asm
                   Rantbl   0x000292    program     static F:\Users\Franco\Desktop\snake_project\snake_game.X\snake_game.asm


